[owlio.dexignzone.com/laravel/demo/student.html]
[backblue.gif]
[fade.gif]
[index.html]
[owlio.dexignzone.com/social-image.png]
[owlio.dexignzone.com/laravel/demo/public/images/favicon.png]
[owlio.dexignzone.com/laravel/demo/index.html]
[owlio.dexignzone.com/laravel/demo/public/images/avatar/1.jpg]
[owlio.dexignzone.com/laravel/demo/public/images/avatar/2.jpg]
[owlio.dexignzone.com/laravel/demo/public/images/avatar/3.jpg]
[owlio.dexignzone.com/laravel/demo/public/images/avatar/4.jpg]
[owlio.dexignzone.com/laravel/demo/public/images/avatar/5.jpg]
[owlio.dexignzone.com/laravel/demo/public/images/profile/pic1.jpg]
[owlio.dexignzone.com/laravel/demo/app-profile.html]
[owlio.dexignzone.com/laravel/demo/email-inbox.html]
[owlio.dexignzone.com/laravel/demo/page-login.html]
[owlio.dexignzone.com/laravel/demo/index-2.html]
[owlio.dexignzone.com/laravel/demo/teachers.html]
[owlio.dexignzone.com/laravel/demo/events.html]
[owlio.dexignzone.com/laravel/demo/finance.html]
[owlio.dexignzone.com/laravel/demo/food.html]
[owlio.dexignzone.com/laravel/demo/post-details.html]
[owlio.dexignzone.com/laravel/demo/email-compose.html]
[owlio.dexignzone.com/laravel/demo/email-read.html]
[owlio.dexignzone.com/laravel/demo/app-calender.html]
[owlio.dexignzone.com/laravel/demo/ecom-product-grid.html]
[owlio.dexignzone.com/laravel/demo/ecom-product-list.html]
[owlio.dexignzone.com/laravel/demo/ecom-product-detail.html]
[owlio.dexignzone.com/laravel/demo/ecom-product-order.html]
[owlio.dexignzone.com/laravel/demo/ecom-checkout.html]
[owlio.dexignzone.com/laravel/demo/ecom-invoice.html]
[owlio.dexignzone.com/laravel/demo/ecom-customers.html]
[owlio.dexignzone.com/laravel/demo/chart-flot.html]
[owlio.dexignzone.com/laravel/demo/chart-morris.html]
[owlio.dexignzone.com/laravel/demo/chart-chartjs.html]
[owlio.dexignzone.com/laravel/demo/chart-chartist.html]
[owlio.dexignzone.com/laravel/demo/chart-sparkline.html]
[owlio.dexignzone.com/laravel/demo/chart-peity.html]
[owlio.dexignzone.com/laravel/demo/ui-accordion.html]
[owlio.dexignzone.com/laravel/demo/ui-alert.html]
[owlio.dexignzone.com/laravel/demo/ui-badge.html]
[owlio.dexignzone.com/laravel/demo/ui-button.html]
[owlio.dexignzone.com/laravel/demo/ui-modal.html]
[owlio.dexignzone.com/laravel/demo/ui-button-group.html]
[owlio.dexignzone.com/laravel/demo/ui-list-group.html]
[owlio.dexignzone.com/laravel/demo/ui-media-object.html]
[owlio.dexignzone.com/laravel/demo/ui-card.html]
[owlio.dexignzone.com/laravel/demo/ui-carousel.html]
[owlio.dexignzone.com/laravel/demo/ui-dropdown.html]
[owlio.dexignzone.com/laravel/demo/ui-popover.html]
[owlio.dexignzone.com/laravel/demo/ui-progressbar.html]
[owlio.dexignzone.com/laravel/demo/ui-tab.html]
[owlio.dexignzone.com/laravel/demo/ui-typography.html]
[owlio.dexignzone.com/laravel/demo/ui-pagination.html]
[owlio.dexignzone.com/laravel/demo/ui-grid.html]
[owlio.dexignzone.com/laravel/demo/uc-select2.html]
[owlio.dexignzone.com/laravel/demo/uc-nestable.html]
[owlio.dexignzone.com/laravel/demo/uc-noui-slider.html]
[owlio.dexignzone.com/laravel/demo/uc-sweetalert.html]
[owlio.dexignzone.com/laravel/demo/uc-toastr.html]
[owlio.dexignzone.com/laravel/demo/map-jqvmap.html]
[owlio.dexignzone.com/laravel/demo/uc-lightgallery.html]
[owlio.dexignzone.com/laravel/demo/form-element.html]
[owlio.dexignzone.com/laravel/demo/widget-basic.html]
[owlio.dexignzone.com/laravel/demo/form-wizard.html]
[owlio.dexignzone.com/laravel/demo/form-editor-summernote.html]
[owlio.dexignzone.com/laravel/demo/form-pickers.html]
[owlio.dexignzone.com/laravel/demo/form-validation-jquery.html]
[owlio.dexignzone.com/laravel/demo/table-bootstrap-basic.html]
[owlio.dexignzone.com/laravel/demo/table-datatable-basic.html]
[owlio.dexignzone.com/laravel/demo/page-register.html]
[owlio.dexignzone.com/laravel/demo/page-error-400.html]
[owlio.dexignzone.com/laravel/demo/page-error-403.html]
[owlio.dexignzone.com/laravel/demo/page-error-404.html]
[owlio.dexignzone.com/laravel/demo/page-error-500.html]
[owlio.dexignzone.com/laravel/demo/page-error-503.html]
[owlio.dexignzone.com/laravel/demo/page-lock-screen.html]
[owlio.dexignzone.com/laravel/demo/public/images/ellipse5.png]
[owlio.dexignzone.com/laravel/demo/public/images/table/1.jpg]
[owlio.dexignzone.com/laravel/demo/public/images/table/2.jpg]
[owlio.dexignzone.com/laravel/demo/public/images/table/3.jpg]
[owlio.dexignzone.com/laravel/demo/public/images/table/4.jpg]
[owlio.dexignzone.com/laravel/demo/public/images/table/5.jpg]
[owlio.dexignzone.com/laravel/demo/public/images/table/6.jpg]
[owlio.dexignzone.com/laravel/demo/public/images/table/7.jpg]
[owlio.dexignzone.com/laravel/demo/public/images/table/8.jpg]
[owlio.dexignzone.com/laravel/demo/public/images/table/9.jpg]
[owlio.dexignzone.com/laravel/demo/student.html]
[owlio.dexignzone.com/laravel/demo/public/vendor/chartist/css/chartist.min.css]
[owlio.dexignzone.com/laravel/demo/public/vendor/bootstrap-select/dist/css/bootstrap-select.min.css]
[owlio.dexignzone.com/laravel/demo/public/images/Vector.png]
[owlio.dexignzone.com/laravel/demo/public/images/pattern/pattern5.png]
[owlio.dexignzone.com/laravel/demo/public/images/profile/cover.jpg]
[owlio.dexignzone.com/laravel/demo/public/images/1.jpg]
[owlio.dexignzone.com/laravel/demo/public/images/like.png]
[owlio.dexignzone.com/laravel/demo/public/css/style.css]
[owlio.dexignzone.com/laravel/demo/public/images/profile/small/pic1.jpg]
[owlio.dexignzone.com/laravel/demo/public/images/profile/small/pic2.jpg]
[owlio.dexignzone.com/laravel/demo/public/images/profile/small/pic3.jpg]
[owlio.dexignzone.com/laravel/demo/public/images/profile/small/pic4.jpg]
[owlio.dexignzone.com/laravel/demo/public/images/profile/small/pic5.jpg]
[owlio.dexignzone.com/laravel/demo/public/images/profile/small/pic6.jpg]
[owlio.dexignzone.com/laravel/demo/public/images/card/pic11.jpg]
[owlio.dexignzone.com/laravel/demo/public/images/card/pic12.jpg]
[owlio.dexignzone.com/laravel/demo/public/images/student/pic1.jpg]
[owlio.dexignzone.com/laravel/demo/public/images/student/pic2.jpg]
[owlio.dexignzone.com/laravel/demo/public/images/student/pic3.jpg]
[owlio.dexignzone.com/laravel/demo/public/images/student/pic4.jpg]
[owlio.dexignzone.com/laravel/demo/public/images/student/pic5.jpg]
[owlio.dexignzone.com/laravel/demo/index.html]
[owlio.dexignzone.com/laravel/demo/public/images/profile/profile.png]
[owlio.dexignzone.com/laravel/demo/public/images/profile/1.jpg]
[owlio.dexignzone.com/laravel/demo/public/images/profile/2.jpg]
[owlio.dexignzone.com/laravel/demo/public/images/profile/3.jpg]
[owlio.dexignzone.com/laravel/demo/public/images/profile/4.jpg]
[owlio.dexignzone.com/laravel/demo/public/images/profile/5.jpg]
[owlio.dexignzone.com/laravel/demo/public/images/profile/6.jpg]
[owlio.dexignzone.com/laravel/demo/public/images/profile/7.jpg]
[owlio.dexignzone.com/laravel/demo/public/images/profile/8.jpg]
[owlio.dexignzone.com/laravel/demo/public/images/profile/9.jpg]
[owlio.dexignzone.com/laravel/demo/app-profile.html]
[owlio.dexignzone.com/laravel/demo/email-inbox.html]
[owlio.dexignzone.com/laravel/demo/public/images/logo-full.png]
[owlio.dexignzone.com/laravel/demo/page-forgot-password.html]
[owlio.dexignzone.com/laravel/demo/page-login.html]
[owlio.dexignzone.com/laravel/demo/index-2.html]
[owlio.dexignzone.com/laravel/demo/public/images/users/1.jpg]
[owlio.dexignzone.com/laravel/demo/public/images/users/2.jpg]
[owlio.dexignzone.com/laravel/demo/public/images/users/3.jpg]
[owlio.dexignzone.com/laravel/demo/public/images/users/4.jpg]
[owlio.dexignzone.com/laravel/demo/public/images/users/5.jpg]
[owlio.dexignzone.com/laravel/demo/public/images/users/6.jpg]
[owlio.dexignzone.com/laravel/demo/public/images/users/7.jpg]
[owlio.dexignzone.com/laravel/demo/public/images/users/8.jpg]
[owlio.dexignzone.com/laravel/demo/public/images/users/10.jpg]
[owlio.dexignzone.com/laravel/demo/public/images/users/11.jpg]
[owlio.dexignzone.com/laravel/demo/public/images/users/12.jpg]
[owlio.dexignzone.com/laravel/demo/public/images/users/13.jpg]
[owlio.dexignzone.com/laravel/demo/public/images/users/14.jpg]
[owlio.dexignzone.com/laravel/demo/public/images/users/15.jpg]
[owlio.dexignzone.com/laravel/demo/public/images/users/16.jpg]
[owlio.dexignzone.com/laravel/demo/public/images/users/17.jpg]
[owlio.dexignzone.com/laravel/demo/teachers.html]
[owlio.dexignzone.com/laravel/demo/events.html]
[owlio.dexignzone.com/laravel/demo/finance.html]
[owlio.dexignzone.com/laravel/demo/public/images/card/pic6.jpg]
[owlio.dexignzone.com/laravel/demo/public/images/card/pic1.jpg]
[owlio.dexignzone.com/laravel/demo/public/images/card/pic2.jpg]
[owlio.dexignzone.com/laravel/demo/public/images/card/pic3.jpg]
[owlio.dexignzone.com/laravel/demo/public/images/card/pic4.jpg]
[owlio.dexignzone.com/laravel/demo/public/images/card/pic5.jpg]
[owlio.dexignzone.com/laravel/demo/food.html]
[owlio.dexignzone.com/laravel/demo/post-details.html]
[owlio.dexignzone.com/laravel/demo/email-compose.html]
[owlio.dexignzone.com/laravel/demo/email-read.html]
[owlio.dexignzone.com/laravel/demo/app-calender.html]
[owlio.dexignzone.com/laravel/demo/public/images/product/1.jpg]
[owlio.dexignzone.com/laravel/demo/public/images/product/2.jpg]
[owlio.dexignzone.com/laravel/demo/public/images/product/3.jpg]
[owlio.dexignzone.com/laravel/demo/public/images/product/4.jpg]
[owlio.dexignzone.com/laravel/demo/public/images/product/5.jpg]
[owlio.dexignzone.com/laravel/demo/public/images/product/6.jpg]
[owlio.dexignzone.com/laravel/demo/public/images/product/7.jpg]
[owlio.dexignzone.com/laravel/demo/ecom-product-grid.html]
[owlio.dexignzone.com/laravel/demo/ecom-product-list.html]
[owlio.dexignzone.com/laravel/demo/public/images/tab/1.jpg]
[owlio.dexignzone.com/laravel/demo/public/images/tab/2.jpg]
[owlio.dexignzone.com/laravel/demo/public/images/tab/3.jpg]
[owlio.dexignzone.com/laravel/demo/public/images/tab/4.jpg]
[owlio.dexignzone.com/laravel/demo/ecom-product-detail.html]
[owlio.dexignzone.com/laravel/demo/ecom-product-order.html]
[owlio.dexignzone.com/laravel/demo/ecom-checkout.html]
[owlio.dexignzone.com/laravel/demo/public/images/logo.png]
[owlio.dexignzone.com/laravel/demo/public/images/logo-text.png]
[owlio.dexignzone.com/laravel/demo/public/images/qr.png]
[owlio.dexignzone.com/laravel/demo/ecom-invoice.html]
[owlio.dexignzone.com/laravel/demo/public/images/avatar/5.png]
[owlio.dexignzone.com/laravel/demo/public/images/avatar/1.png]
[owlio.dexignzone.com/laravel/demo/ecom-customers.html]
[owlio.dexignzone.com/laravel/demo/chart-flot.html]
[owlio.dexignzone.com/laravel/demo/chart-morris.html]
[owlio.dexignzone.com/laravel/demo/chart-chartjs.html]
[owlio.dexignzone.com/laravel/demo/chart-chartist.html]
[owlio.dexignzone.com/laravel/demo/chart-sparkline.html]
[owlio.dexignzone.com/laravel/demo/chart-peity.html]
[owlio.dexignzone.com/laravel/demo/ui-accordion.html]
[owlio.dexignzone.com/laravel/demo/ui-alert.html]
[owlio.dexignzone.com/laravel/demo/ui-badge.html]
[owlio.dexignzone.com/laravel/demo/ui-button.html]
[owlio.dexignzone.com/laravel/demo/ui-modal.html]
[owlio.dexignzone.com/laravel/demo/ui-button-group.html]
[owlio.dexignzone.com/laravel/demo/ui-list-group.html]
[owlio.dexignzone.com/laravel/demo/public/images/avatar/7.jpg]
[owlio.dexignzone.com/laravel/demo/public/images/avatar/6.jpg]
[owlio.dexignzone.com/laravel/demo/public/images/avatar/8.jpg]
[owlio.dexignzone.com/laravel/demo/ui-media-object.html]
[owlio.dexignzone.com/laravel/demo/public/images/card/1.png]
[owlio.dexignzone.com/laravel/demo/public/images/card/2.png]
[owlio.dexignzone.com/laravel/demo/public/images/card/3.png]
[owlio.dexignzone.com/laravel/demo/ui-card.html]
[owlio.dexignzone.com/laravel/demo/public/images/big/img1.jpg]
[owlio.dexignzone.com/laravel/demo/public/images/big/img2.jpg]
[owlio.dexignzone.com/laravel/demo/public/images/big/img3.jpg]
[owlio.dexignzone.com/laravel/demo/public/images/big/img4.jpg]
[owlio.dexignzone.com/laravel/demo/public/images/big/img5.jpg]
[owlio.dexignzone.com/laravel/demo/public/images/big/img6.jpg]
[owlio.dexignzone.com/laravel/demo/public/images/big/img7.jpg]
[owlio.dexignzone.com/laravel/demo/ui-carousel.html]
[owlio.dexignzone.com/laravel/demo/ui-dropdown.html]
[owlio.dexignzone.com/laravel/demo/ui-popover.html]
[owlio.dexignzone.com/laravel/demo/ui-progressbar.html]
[owlio.dexignzone.com/laravel/demo/ui-tab.html]
[owlio.dexignzone.com/laravel/demo/ui-typography.html]
[owlio.dexignzone.com/laravel/demo/ui-pagination.html]
[owlio.dexignzone.com/laravel/demo/ui-grid.html]
[owlio.dexignzone.com/laravel/demo/uc-select2.html]
[owlio.dexignzone.com/laravel/demo/uc-nestable.html]
[owlio.dexignzone.com/laravel/demo/uc-noui-slider.html]
[owlio.dexignzone.com/laravel/demo/uc-sweetalert.html]
[owlio.dexignzone.com/laravel/demo/uc-toastr.html]
[owlio.dexignzone.com/laravel/demo/map-jqvmap.html]
[owlio.dexignzone.com/laravel/demo/public/images/big/img8.jpg]
[owlio.dexignzone.com/laravel/demo/uc-lightgallery.html]
[owlio.dexignzone.com/laravel/demo/widget-basic.html]
[owlio.dexignzone.com/laravel/demo/form-element.html]
[owlio.dexignzone.com/laravel/demo/form-wizard.html]
[owlio.dexignzone.com/laravel/demo/form-editor-summernote.html]
[owlio.dexignzone.com/laravel/demo/form-pickers.html]
[owlio.dexignzone.com/laravel/demo/form-validation-jquery.html]
[owlio.dexignzone.com/laravel/demo/table-bootstrap-basic.html]
[owlio.dexignzone.com/laravel/demo/public/images/profile/small/pic7.jpg]
[owlio.dexignzone.com/laravel/demo/public/images/profile/small/pic8.jpg]
[owlio.dexignzone.com/laravel/demo/public/images/profile/small/pic9.jpg]
[owlio.dexignzone.com/laravel/demo/public/images/profile/small/pic10.jpg]
[owlio.dexignzone.com/laravel/demo/table-datatable-basic.html]
[owlio.dexignzone.com/laravel/demo/page-register.html]
[owlio.dexignzone.com/laravel/demo/page-error-400.html]
[owlio.dexignzone.com/laravel/demo/page-error-403.html]
[owlio.dexignzone.com/laravel/demo/page-error-404.html]
[owlio.dexignzone.com/laravel/demo/page-error-500.html]
[owlio.dexignzone.com/laravel/demo/page-error-503.html]
[owlio.dexignzone.com/laravel/demo/page-lock-screen.html]
[owlio.dexignzone.com/laravel/demo/public/vendor/global/global.min.js]
[owlio.dexignzone.com/laravel/demo/public/vendor/bootstrap-select/dist/js/bootstrap-select.min.js]
[owlio.dexignzone.com/laravel/demo/public/js/custom.min.js]
[owlio.dexignzone.com/laravel/demo/public/js/deznav-init.js]
[owlio.dexignzone.com/laravel/demo/public/icons/simple-line-icons/fonts/Simple-Line-Icons4c824c82.eot]
[owlio.dexignzone.com/laravel/demo/public/icons/simple-line-icons/fonts/Simple-Line-Iconsd41dd41d.eot]
[owlio.dexignzone.com/laravel/demo/public/icons/simple-line-icons/fonts/Simple-Line-Icons4c824c82.ttf]
[owlio.dexignzone.com/laravel/demo/public/icons/simple-line-icons/fonts/Simple-Line-Icons4c824c82.woff2]
[owlio.dexignzone.com/laravel/demo/public/icons/simple-line-icons/fonts/Simple-Line-Icons4c824c82.woff]
[owlio.dexignzone.com/laravel/demo/public/icons/simple-line-icons/css/simple-line-icons.css]
[owlio.dexignzone.com/laravel/demo/public/icons/fontawesome/webfonts/fa-brands-400.woff2]
[owlio.dexignzone.com/laravel/demo/public/icons/fontawesome/webfonts/fa-brands-400.ttf]
[owlio.dexignzone.com/laravel/demo/public/icons/fontawesome/webfonts/fa-regular-400.woff2]
[owlio.dexignzone.com/laravel/demo/public/icons/fontawesome/webfonts/fa-regular-400.ttf]
[owlio.dexignzone.com/laravel/demo/public/icons/fontawesome/webfonts/fa-solid-900.woff2]
[owlio.dexignzone.com/laravel/demo/public/icons/fontawesome/webfonts/fa-solid-900.ttf]
[owlio.dexignzone.com/laravel/demo/public/icons/fontawesome/webfonts/fa-v4compatibility.woff2]
[owlio.dexignzone.com/laravel/demo/public/icons/fontawesome/webfonts/fa-v4compatibility.ttf]
[owlio.dexignzone.com/laravel/demo/public/icons/fontawesome/css/all.min.css]
[owlio.dexignzone.com/laravel/demo/public/icons/material-design-iconic-font/fonts/materialdesignicons-webfont683c.eot]
[owlio.dexignzone.com/laravel/demo/public/icons/material-design-iconic-font/fonts/materialdesignicons-webfontd41d.eot]
[owlio.dexignzone.com/laravel/demo/public/icons/material-design-iconic-font/fonts/materialdesignicons-webfont683c.woff2]
[owlio.dexignzone.com/laravel/demo/public/icons/material-design-iconic-font/fonts/materialdesignicons-webfont683c.woff]
[owlio.dexignzone.com/laravel/demo/public/icons/material-design-iconic-font/fonts/materialdesignicons-webfont683c.ttf]
[owlio.dexignzone.com/laravel/demo/public/icons/material-design-iconic-font/css/materialdesignicons.min.css]
[owlio.dexignzone.com/laravel/demo/public/icons/themify-icons/fonts/themify9f249f24.eot]
[owlio.dexignzone.com/laravel/demo/public/icons/themify-icons/fonts/themifyd41dd41d.eot]
[owlio.dexignzone.com/laravel/demo/public/icons/themify-icons/fonts/themify.woff]
[owlio.dexignzone.com/laravel/demo/public/icons/themify-icons/fonts/themify.ttf]
[owlio.dexignzone.com/laravel/demo/public/icons/themify-icons/css/themify-icons.css]
[owlio.dexignzone.com/laravel/demo/public/icons/line-awesome/fonts/la-brands-400.eot]
[owlio.dexignzone.com/laravel/demo/public/icons/line-awesome/fonts/la-brands-400d41d.eot]
[owlio.dexignzone.com/laravel/demo/public/icons/line-awesome/fonts/la-brands-400.woff2]
[owlio.dexignzone.com/laravel/demo/public/icons/line-awesome/fonts/la-brands-400.woff]
[owlio.dexignzone.com/laravel/demo/public/icons/line-awesome/fonts/la-brands-400.ttf]
[owlio.dexignzone.com/laravel/demo/public/icons/line-awesome/fonts/la-regular-400.eot]
[owlio.dexignzone.com/laravel/demo/public/icons/line-awesome/fonts/la-regular-400d41d.eot]
[owlio.dexignzone.com/laravel/demo/public/icons/line-awesome/fonts/la-regular-400.woff2]
[owlio.dexignzone.com/laravel/demo/public/icons/line-awesome/fonts/la-regular-400.woff]
[owlio.dexignzone.com/laravel/demo/public/icons/line-awesome/fonts/la-regular-400.ttf]
[owlio.dexignzone.com/laravel/demo/public/icons/line-awesome/fonts/la-solid-900.eot]
[owlio.dexignzone.com/laravel/demo/public/icons/line-awesome/fonts/la-solid-900d41d.eot]
[owlio.dexignzone.com/laravel/demo/public/icons/line-awesome/fonts/la-solid-900.woff2]
[owlio.dexignzone.com/laravel/demo/public/icons/line-awesome/fonts/la-solid-900.woff]
[owlio.dexignzone.com/laravel/demo/public/icons/line-awesome/fonts/la-solid-900.ttf]
[owlio.dexignzone.com/laravel/demo/public/icons/line-awesome/css/line-awesome.min.css]
[owlio.dexignzone.com/laravel/demo/public/icons/avasta/fonts/avasta.eot]
[owlio.dexignzone.com/laravel/demo/public/icons/avasta/fonts/avasta.woff2]
[owlio.dexignzone.com/laravel/demo/public/icons/avasta/fonts/avasta.woff]
[owlio.dexignzone.com/laravel/demo/public/icons/avasta/fonts/avasta.ttf]
[owlio.dexignzone.com/laravel/demo/public/icons/avasta/css/style.css]
[owlio.dexignzone.com/laravel/demo/public/icons/flaticon/Flaticon.eot]
[owlio.dexignzone.com/laravel/demo/public/icons/flaticon/Flaticond41d.eot]
[owlio.dexignzone.com/laravel/demo/public/icons/flaticon/Flaticon.woff]
[owlio.dexignzone.com/laravel/demo/public/icons/flaticon/Flaticon.ttf]
[owlio.dexignzone.com/laravel/demo/public/icons/flaticon/flaticon.css]
[owlio.dexignzone.com/laravel/demo/public/icons/flaticon-1/Flaticon.eot]
[owlio.dexignzone.com/laravel/demo/public/icons/flaticon-1/Flaticond41d.eot]
[owlio.dexignzone.com/laravel/demo/public/icons/flaticon-1/Flaticon.woff2]
[owlio.dexignzone.com/laravel/demo/public/icons/flaticon-1/Flaticon.woff]
[owlio.dexignzone.com/laravel/demo/public/icons/flaticon-1/Flaticon.ttf]
[owlio.dexignzone.com/laravel/demo/public/icons/flaticon-1/flaticon.css]
[owlio.dexignzone.com/laravel/demo/public/icons/icomoon/fonts/icomoon.eot]
[owlio.dexignzone.com/laravel/demo/public/icons/icomoon/fonts/icomoon.ttf]
[owlio.dexignzone.com/laravel/demo/public/icons/icomoon/fonts/icomoon.woff]
[owlio.dexignzone.com/laravel/demo/public/icons/icomoon/icomoon.css]
[owlio.dexignzone.com/laravel/demo/public/vendor/animate/animate.min.css]
[owlio.dexignzone.com/laravel/demo/public/vendor/aos/css/aos.min.css]
[owlio.dexignzone.com/laravel/demo/public/vendor/perfect-scrollbar/css/perfect-scrollbar.css]
[owlio.dexignzone.com/laravel/demo/public/vendor/metismenu/css/metisMenu.min.css]
[owlio.dexignzone.com/laravel/demo/public/images/body/12.html]
[owlio.dexignzone.com/laravel/demo/public/images/svg/check.svg]
[owlio.dexignzone.com/laravel/demo/public/images/svg/cd-arrow.html]
[owlio.dexignzone.com/laravel/demo/public/vendor/bootstrap-datetimepicker/css/bootstrap-datetimepicker.min.css]
[owlio.dexignzone.com/laravel/demo/ajax/food-menu-list.html]
[owlio.dexignzone.com/laravel/demo/public/vendor/bootstrap-datetimepicker/js/moment.js]
[owlio.dexignzone.com/laravel/demo/public/vendor/bootstrap-datetimepicker/js/bootstrap-datetimepicker.min.js]
[owlio.dexignzone.com/laravel/demo/public/vendor/peity/jquery.peity.min.js]
[owlio.dexignzone.com/laravel/demo/public/vendor/apexchart/apexchart.js]
[owlio.dexignzone.com/laravel/demo/public/js/dashboard/dashboard-1.js]
[owlio.dexignzone.com/laravel/demo/public/vendor/lightgallery/fonts/lgd641.eot]
[owlio.dexignzone.com/laravel/demo/public/vendor/lightgallery/fonts/lgd41d.eot]
[owlio.dexignzone.com/laravel/demo/public/vendor/lightgallery/fonts/lgd641.woff]
[owlio.dexignzone.com/laravel/demo/public/vendor/lightgallery/fonts/lgd641.ttf]
[owlio.dexignzone.com/laravel/demo/public/vendor/lightgallery/img/vimeo-play.png]
[owlio.dexignzone.com/laravel/demo/public/vendor/lightgallery/img/video-play.png]
[owlio.dexignzone.com/laravel/demo/public/vendor/lightgallery/img/youtube-play.png]
[owlio.dexignzone.com/laravel/demo/public/vendor/lightgallery/img/loading.gif]
[owlio.dexignzone.com/laravel/demo/public/vendor/lightgallery/css/lightgallery.min.css]
[owlio.dexignzone.com/laravel/demo/public/vendor/lightgallery/js/lightgallery-all.min.js]
[owlio.dexignzone.com/laravel/demo/page-forgot-password.html]
[owlio.dexignzone.com/laravel/demo/public/vendor/fullcalendar/css/main.min.css]
[owlio.dexignzone.com/laravel/demo/public/vendor/moment/moment.min.js]
[owlio.dexignzone.com/laravel/demo/public/vendor/fullcalendar/js/main.min.js]
[owlio.dexignzone.com/laravel/demo/public/js/dashboard/events.js]
[owlio.dexignzone.com/laravel/demo/public/js/dashboard/finance.js]
[owlio.dexignzone.com/laravel/demo/public/js/dashboard/food.js]
[owlio.dexignzone.com/laravel/demo/public/vendor/dropzone/dist/dropzone.css]
[owlio.dexignzone.com/laravel/demo/public/vendor/dropzone/dist/dropzone.js]
[owlio.dexignzone.com/laravel/demo/public/js/plugins-init/fullcalendar-init.js]
[owlio.dexignzone.com/laravel/demo/public/vendor/star-rating/star-rating-svg.css]
[owlio.dexignzone.com/laravel/demo/public/vendor/star-rating/jquery.star-rating-svg.js]
[owlio.dexignzone.com/laravel/demo/public/vendor/highlightjs/highlight.pack.min.js]
[owlio.dexignzone.com/laravel/demo/public/vendor/chart-js/Chart.bundle.min.html]
[owlio.dexignzone.com/laravel/demo/public/vendor/flot/jquery.flot.js]
[owlio.dexignzone.com/laravel/demo/public/vendor/flot/jquery.flot.pie.js]
[owlio.dexignzone.com/laravel/demo/public/vendor/flot/jquery.flot.resize.js]
[owlio.dexignzone.com/laravel/demo/public/vendor/flot-spline/jquery.flot.spline.min.js]
[owlio.dexignzone.com/laravel/demo/public/js/plugins-init/flot-init.js]
[owlio.dexignzone.com/laravel/demo/public/vendor/raphael/raphael.min.js]
[owlio.dexignzone.com/laravel/demo/public/vendor/morris/morris.min.js]
[owlio.dexignzone.com/laravel/demo/public/js/plugins-init/morris-init.js]
[owlio.dexignzone.com/laravel/demo/public/js/plugins-init/chartjs-init.js]
[owlio.dexignzone.com/laravel/demo/public/vendor/chartist/js/chartist.min.js]
[owlio.dexignzone.com/laravel/demo/public/vendor/chartist-plugin-tooltips/js/chartist-plugin-tooltip.min.js]
[owlio.dexignzone.com/laravel/demo/public/js/plugins-init/chartist-init.js]
[owlio.dexignzone.com/laravel/demo/public/vendor/jquery-sparkline/jquery.sparkline.min.js]
[owlio.dexignzone.com/laravel/demo/public/js/plugins-init/sparkline-init.js]
[owlio.dexignzone.com/laravel/demo/public/vendor/svganimation/vivus.min.js]
[owlio.dexignzone.com/laravel/demo/public/vendor/svganimation/svg.animation.js]
[owlio.dexignzone.com/laravel/demo/public/js/plugins-init/piety-init.js]
[owlio.dexignzone.com/laravel/demo/public/vendor/select2/css/select2.min.css]
[owlio.dexignzone.com/laravel/demo/public/vendor/select2/js/select2.full.min.js]
[owlio.dexignzone.com/laravel/demo/public/js/plugins-init/select2-init.js]
[owlio.dexignzone.com/laravel/demo/public/vendor/nestable2/css/jquery.nestable.min.css]
[owlio.dexignzone.com/laravel/demo/public/vendor/nestable2/js/jquery.nestable.min.js]
[owlio.dexignzone.com/laravel/demo/public/js/plugins-init/nestable-init.js]
[owlio.dexignzone.com/laravel/demo/public/vendor/nouislider/nouislider.min.css]
[owlio.dexignzone.com/laravel/demo/public/vendor/nouislider/nouislider.min.js]
[owlio.dexignzone.com/laravel/demo/public/vendor/wnumb/wNumb.js]
[owlio.dexignzone.com/laravel/demo/public/js/plugins-init/nouislider-init.js]
[owlio.dexignzone.com/laravel/demo/public/vendor/sweetalert2/dist/sweetalert2.min.css]
[owlio.dexignzone.com/laravel/demo/public/vendor/sweetalert2/dist/sweetalert2.min.js]
[owlio.dexignzone.com/laravel/demo/public/js/plugins-init/sweetalert.init.js]
[owlio.dexignzone.com/laravel/demo/public/vendor/toastr/css/toastr.min.css]
[owlio.dexignzone.com/laravel/demo/public/vendor/toastr/js/toastr.min.js]
[owlio.dexignzone.com/laravel/demo/public/js/plugins-init/toastr-init.js]
[owlio.dexignzone.com/laravel/demo/public/vendor/jqvmap/css/jqvmap.min.css]
[owlio.dexignzone.com/laravel/demo/public/vendor/jqvmap/js/jquery.vmap.min.js]
[owlio.dexignzone.com/laravel/demo/public/vendor/jqvmap/js/jquery.vmap.world.js]
[owlio.dexignzone.com/laravel/demo/public/vendor/jqvmap/js/jquery.vmap.usa.js]
[owlio.dexignzone.com/laravel/demo/public/js/plugins-init/jqvmap-init.js]
[owlio.dexignzone.com/laravel/demo/public/vendor/chart-js/chart.bundle.min.js]
[owlio.dexignzone.com/laravel/demo/public/js/plugins-init/widgets-script-init.js]
[owlio.dexignzone.com/laravel/demo/public/vendor/jquery-smartwizard/dist/css/smart_wizard.min.css]
[owlio.dexignzone.com/laravel/demo/public/vendor/jquery-steps/build/jquery.steps.min.js]
[owlio.dexignzone.com/laravel/demo/public/vendor/jquery-validation/jquery.validate.min.js]
[owlio.dexignzone.com/laravel/demo/public/js/plugins-init/jquery.validate-init.js]
[owlio.dexignzone.com/laravel/demo/public/vendor/jquery-smartwizard/dist/js/jquery.smartWizard.js]
[owlio.dexignzone.com/laravel/demo/public/vendor/ckeditor/ckeditor.js]
[owlio.dexignzone.com/laravel/demo/public/vendor/bootstrap-daterangepicker/daterangepicker.css]
[owlio.dexignzone.com/laravel/demo/public/vendor/clockpicker/css/bootstrap-clockpicker.min.css]
[owlio.dexignzone.com/laravel/demo/public/vendor/jquery-asColorPicker/images/transparent.png]
[owlio.dexignzone.com/laravel/demo/public/vendor/jquery-asColorPicker/images/saturation.png]
[owlio.dexignzone.com/laravel/demo/public/vendor/jquery-asColorPicker/images/hue.png]
[owlio.dexignzone.com/laravel/demo/public/vendor/jquery-asColorPicker/images/alpha.png]
[owlio.dexignzone.com/laravel/demo/public/vendor/jquery-asColorPicker/css/asColorPicker.min.css]
[owlio.dexignzone.com/laravel/demo/public/vendor/bootstrap-material-datetimepicker/css/bootstrap-material-datetimepicker.css]
[owlio.dexignzone.com/laravel/demo/public/vendor/pickadate/themes/default.css]
[owlio.dexignzone.com/laravel/demo/public/vendor/pickadate/themes/default.date.css]
[owlio.dexignzone.com/laravel/demo/public/vendor/bootstrap-daterangepicker/daterangepicker.js]
[owlio.dexignzone.com/laravel/demo/public/vendor/clockpicker/js/bootstrap-clockpicker.min.js]
[owlio.dexignzone.com/laravel/demo/public/vendor/jquery-asColor/jquery-asColor.min.js]
[owlio.dexignzone.com/laravel/demo/public/vendor/jquery-asGradient/jquery-asGradient.min.js]
[owlio.dexignzone.com/laravel/demo/public/vendor/jquery-asColorPicker/js/jquery-asColorPicker.min.js]
[owlio.dexignzone.com/laravel/demo/public/vendor/bootstrap-material-datetimepicker/js/bootstrap-material-datetimepicker.js]
[owlio.dexignzone.com/laravel/demo/public/vendor/pickadate/picker.js]
[owlio.dexignzone.com/laravel/demo/public/vendor/pickadate/picker.time.js]
[owlio.dexignzone.com/laravel/demo/public/vendor/pickadate/picker.date.js]
[owlio.dexignzone.com/laravel/demo/public/js/plugins-init/bs-daterange-picker-init.js]
[owlio.dexignzone.com/laravel/demo/public/js/plugins-init/clock-picker-init.js]
[owlio.dexignzone.com/laravel/demo/public/js/plugins-init/jquery-asColorPicker.init.js]
[owlio.dexignzone.com/laravel/demo/public/js/plugins-init/material-date-picker-init.js]
[owlio.dexignzone.com/laravel/demo/public/js/plugins-init/pickadate-init.js]
[owlio.dexignzone.com/laravel/demo/public/vendor/datatables/images/sort_both.png]
[owlio.dexignzone.com/laravel/demo/public/vendor/datatables/images/sort_asc.png]
[owlio.dexignzone.com/laravel/demo/public/vendor/datatables/images/sort_desc.png]
[owlio.dexignzone.com/laravel/demo/public/vendor/datatables/images/sort_asc_disabled.png]
[owlio.dexignzone.com/laravel/demo/public/vendor/datatables/images/sort_desc_disabled.png]
[owlio.dexignzone.com/laravel/demo/public/vendor/datatables/css/jquery.dataTables.min.css]
[owlio.dexignzone.com/laravel/demo/public/vendor/datatables/js/jquery.dataTables.min.js]
[owlio.dexignzone.com/laravel/demo/public/js/plugins-init/datatables.init.js]
[owlio.dexignzone.com/laravel/demo/public/vendor/deznav/deznav.min.js]
[owlio.dexignzone.com/laravel/demo/public/icons/simple-line-icons/fonts/Simple-Line-Icons4c824c82.svg]
[owlio.dexignzone.com/laravel/demo/public/icons/material-design-iconic-font/fonts/materialdesignicons-webfont683c.svg]
[owlio.dexignzone.com/laravel/demo/public/icons/themify-icons/fonts/themify9f249f24.svg]
[owlio.dexignzone.com/laravel/demo/public/icons/line-awesome/fonts/la-brands-400.svg]
[owlio.dexignzone.com/laravel/demo/public/icons/line-awesome/fonts/la-regular-400.svg]
[owlio.dexignzone.com/laravel/demo/public/icons/line-awesome/fonts/la-solid-900.svg]
[owlio.dexignzone.com/laravel/demo/public/icons/avasta/fonts/avasta.svg]
[owlio.dexignzone.com/laravel/demo/public/icons/flaticon/Flaticon.svg]
[owlio.dexignzone.com/laravel/demo/public/icons/flaticon-1/Flaticon.svg]
[owlio.dexignzone.com/laravel/demo/public/icons/icomoon/fonts/icomoon.svg]
[owlio.dexignzone.com/laravel/demo/Trident/index.html]
[owlio.dexignzone.com/laravel/demo/Edge/index.html]
[owlio.dexignzone.com/laravel/demo/public/vendor/lightgallery/fonts/lgd641.svg]
[owlio.dexignzone.com/laravel/demo/e.html]
